******************************************************************************
                  TI ARM Linker PC v18.12.4                    
******************************************************************************
>> Linked Thu Feb 13 20:01:59 2020

OUTPUT FILE NAME:   <msp432p401r_nosdk_red.out>
ENTRY POINT SYMBOL: "_c_int00_noargs"  address: 00003b0d


MEMORY CONFIGURATION

         name            origin    length      used     unused   attr    fill
----------------------  --------  ---------  --------  --------  ----  --------
  MAIN                  00000000   00040000  00006bfd  00039403  R  X
  INFO                  00200000   00004000  00000000  00004000  R  X
  SRAM_CODE             01000000   00010000  00000346  0000fcba  RW X
  SRAM_DATA             20000000   00010000  00000346  0000fcba  RW  


SEGMENT ALLOCATION MAP

run origin  load origin   length   init length attrs members
----------  ----------- ---------- ----------- ----- -------
00000000    00000000    00006c00   00006c00    r-x
  00000000    00000000    000000e4   000000e4    r-- .intvecs
  000000e4    000000e4    00003bb4   00003bb4    r-x .text
  00003c98    00003c98    00002f0d   00002f0d    r-- .const
  00006ba8    00006ba8    00000058   00000058    r-- .cinit
20000000    20000000    00000148   00000000    rw-
  20000000    20000000    00000136   00000000    rw- .data
  20000138    20000138    00000010   00000000    rw- .bss
2000fe00    2000fe00    00000200   00000000    rw-
  2000fe00    2000fe00    00000200   00000000    rw- .stack


SECTION ALLOCATION MAP

 output                                  attributes/
section   page    origin      length       input sections
--------  ----  ----------  ----------   ----------------
.intvecs   0    00000000    000000e4     
                  00000000    000000e4     startup_msp432p401r_ccs.obj (.intvecs:retain)

.text      0    000000e4    00003bb4     
                  000000e4    00001238     ssd1351.obj (.text)
                  0000131c    00000a4e     rtsv7M4_T_le_v4SPD16_eabi.lib : _printfi.c.obj (.text:__TI_printfi)
                  00001d6a    00000002                                   : _lock.c.obj (.text:_nop)
                  00001d6c    00000334     system_msp432p401r.obj (.text)
                  000020a0    00000270     rtsv7M4_T_le_v4SPD16_eabi.lib : _printfi.c.obj (.text:_pconv_a)
                  00002310    000001d0                                   : _printfi.c.obj (.text:_pconv_g)
                  000024e0    000001b6                                   : fd_add_t2.asm.obj (.text)
                  00002696    00000002                                   : div0.asm.obj (.text)
                  00002698    000001a0     usci_a0_uart.obj (.text)
                  00002838    0000013c     rtsv7M4_T_le_v4SPD16_eabi.lib : _printfi.c.obj (.text:_pconv_e)
                  00002974    0000013c     clock_system_init.obj (.text)
                  00002ab0    00000136     rtsv7M4_T_le_v4SPD16_eabi.lib : fd_div_t2.asm.obj (.text)
                  00002be6    00000002     --HOLE-- [fill = 0]
                  00002be8    00000134     usci_b3_spi.obj (.text)
                  00002d1c    00000124     rtsv7M4_T_le_v4SPD16_eabi.lib : _printfi.c.obj (.text:fcvt)
                  00002e40    00000110                                   : s_scalbn.c.obj (.text:scalbn)
                  00002f50    000000fc                                   : fd_mul_t2.asm.obj (.text)
                  0000304c    000000b1                                   : _printfi.c.obj (.text:_ltostr)
                  000030fd    00000001     --HOLE-- [fill = 0]
                  000030fe    0000009c                                   : memcpy_t2.asm.obj (.text)
                  0000319a    00000096                                   : ull_div_t2.asm.obj (.text)
                  00003230    00000086                                   : fd_cmp_t2.asm.obj (.text:__aeabi_cdcmple)
                  000032b6    00000086                                   : fd_cmp_t2.asm.obj (.text:__aeabi_cdrcmple)
                  0000333c    0000007a                                   : memset_t2.asm.obj (.text)
                  000033b6    00000002     --HOLE-- [fill = 0]
                  000033b8    00000074     adc14.obj (.text)
                  0000342c    00000074     vector.obj (.text)
                  000034a0    00000070     wdt.obj (.text)
                  00003510    0000006e     rtsv7M4_T_le_v4SPD16_eabi.lib : _printfi.c.obj (.text:_mcpy)
                  0000357e    00000068                                   : copy_decompress_lzss.c.obj (.text:decompress:lzss:__TI_decompress_lzss)
                  000035e6    00000002     --HOLE-- [fill = 0]
                  000035e8    00000068                                   : printf.c.obj (.text:printf)
                  00003650    00000064                                   : s_frexp.c.obj (.text:frexp)
                  000036b4    00000060     usci_b0_i2c.obj (.text:usci_b0_i2c_rx_isr_handle)
                  00003714    00000058     usci_b0_i2c.obj (.text:usci_b0_i2c_tx_isr_handle)
                  0000376c    00000056     rtsv7M4_T_le_v4SPD16_eabi.lib : _printfi.c.obj (.text:_pconv_f)
                  000037c2    00000054                                   : ltoa.c.obj (.text:ltoa)
                  00003816    00000002     --HOLE-- [fill = 0]
                  00003818    00000054     usci_b3_spi.obj (.text:usci_b3_spi_rx_isr_handle)
                  0000386c    00000054     usci_b3_spi.obj (.text:usci_b3_spi_tx_isr_handle)
                  000038c0    00000052     rtsv7M4_T_le_v4SPD16_eabi.lib : _printfi.c.obj (.text:_ecpy)
                  00003912    00000002     --HOLE-- [fill = 0]
                  00003914    0000004c                                   : atoi.c.obj (.text:atoi)
                  00003960    0000004c     display.obj (.text)
                  000039ac    0000004c     usci_a0_uart.obj (.text:usci_a0_uart_tx_isr_handle)
                  000039f8    00000048     main.obj (.text)
                  00003a40    00000048     rtsv7M4_T_le_v4SPD16_eabi.lib : fd_toi_t2.asm.obj (.text)
                  00003a88    00000044                                   : autoinit.c.obj (.text:__TI_auto_init_nobinit_nopinit:__TI_auto_init_nobinit_nopinit)
                  00003acc    0000003e                                   : _printfi.c.obj (.text:_fcpy)
                  00003b0a    00000002     --HOLE-- [fill = 0]
                  00003b0c    00000034                                   : boot_cortex_m.c.obj (.text:_c_int00_noargs:_c_int00_noargs)
                  00003b40    00000030     usci_a0_uart.obj (.text:usci_a0_uart_rx_isr_handle)
                  00003b70    0000002e     rtsv7M4_T_le_v4SPD16_eabi.lib : i_tofd_t2.asm.obj (.text)
                  00003b9e    00000020     init.obj (.text)
                  00003bbe    0000001c     rtsv7M4_T_le_v4SPD16_eabi.lib : copy_zero_init.c.obj (.text:decompress:ZI:__TI_zero_init_nomemset:__TI_zero_init_nomemset)
                  00003bda    0000001c                                   : memccpy.c.obj (.text:memccpy)
                  00003bf6    0000001a                                   : s_copysign.c.obj (.text:copysign)
                  00003c10    00000018     user.obj (.text)
                  00003c28    00000016     rtsv7M4_T_le_v4SPD16_eabi.lib : strchr.c.obj (.text:strchr)
                  00003c3e    00000014                                   : strlen.c.obj (.text:strlen)
                  00003c52    00000012                                   : wcslen.c.obj (.text:wcslen)
                  00003c64    0000000e                                   : copy_decompress_none.c.obj (.text:decompress:none:__TI_decompress_none)
                  00003c72    0000000e     startup_msp432p401r_ccs.obj (.text)
                  00003c80    00000008     rtsv7M4_T_le_v4SPD16_eabi.lib : errno.c.obj (.text:__aeabi_errno_addr)
                  00003c88    00000004                                   : printf.c.obj (.text:_outc)
                  00003c8c    00000004                                   : printf.c.obj (.text:_outs)
                  00003c90    00000004                                   : pre_init.c.obj (.text:_system_pre_init)
                  00003c94    00000004                                   : exit.c.obj (.text:abort:abort)

.const     0    00003c98    00002f0d     
                  00003c98    000017c0     fonts.obj (.const:c_chFont3216)
                  00005458    00000be0     fonts.obj (.const:c_chFont1616)
                  00006038    000005f0     fonts.obj (.const:c_chFont1608)
                  00006628    00000474     fonts.obj (.const:c_chFont1206)
                  00006a9c    00000101     rtsv7M4_T_le_v4SPD16_eabi.lib : ctype.c.obj (.const:.string:_ctypes_)
                  00006b9d    00000004     fonts.obj (.const:.string:fonts_height)
                  00006ba1    00000004     fonts.obj (.const:.string:fonts_width)

.cinit     0    00006ba8    00000058     
                  00006ba8    0000002e     (.cinit..data.load) [load image, compression = lzss]
                  00006bd6    00000002     --HOLE-- [fill = 0]
                  00006bd8    0000000c     (__TI_handler_table)
                  00006be4    00000004     --HOLE-- [fill = 0]
                  00006be8    00000008     (.cinit..bss.load) [load image, compression = zero_init]
                  00006bf0    00000010     (__TI_cinit_table)

.init_array 
*          0    00000000    00000000     UNINITIALIZED

.binit     0    00000000    00000000     

.data      0    20000000    00000136     UNINITIALIZED
                  20000000    000000f0     rtsv7M4_T_le_v4SPD16_eabi.lib : defs.c.obj (.data:_ftable)
                  200000f0    00000020     usci_a0_uart.obj (.data:uart_rx_buff)
                  20000110    00000008     rtsv7M4_T_le_v4SPD16_eabi.lib : _lock.c.obj (.data:$O1$$)
                  20000118    00000006     usci_a0_uart.obj (.data)
                  2000011e    00000002     usci_b0_i2c.obj (.data)
                  20000120    00000004     adc14.obj (.data)
                  20000124    00000004     display.obj (.data)
                  20000128    00000004     rtsv7M4_T_le_v4SPD16_eabi.lib : errno.c.obj (.data)
                  2000012c    00000004     system_msp432p401r.obj (.data)
                  20000130    00000004     wdt.obj (.data)
                  20000134    00000002     usci_b3_spi.obj (.data)

.bss       0    20000138    00000010     UNINITIALIZED
                  20000138    00000008     usci_b0_i2c.obj (.bss)
                  20000140    00000008     usci_b3_spi.obj (.bss)

.stack     0    2000fe00    00000200     UNINITIALIZED
                  2000fe00    00000004     rtsv7M4_T_le_v4SPD16_eabi.lib : boot_cortex_m.c.obj (.stack)
                  2000fe04    000001fc     --HOLE--

MODULE SUMMARY

       Module                        code    ro data   rw data
       ------                        ----    -------   -------
    .\
       system_msp432p401r.obj        820     0         8      
       startup_msp432p401r_ccs.obj   14      228       0      
       vector.obj                    116     0         0      
       main.obj                      72      0         0      
    +--+-----------------------------+-------+---------+---------+
       Total:                        1022    228       8      
                                                              
    .\src\devicelib\
       ssd1351.obj                   4664    0         0      
    +--+-----------------------------+-------+---------+---------+
       Total:                        4664    0         0      
                                                              
    .\src\driverlib\
       usci_a0_uart.obj              540     0         76     
       usci_b3_spi.obj               476     0         20     
       clock_system_init.obj         316     0         0      
       usci_b0_i2c.obj               184     0         20     
       adc14.obj                     116     0         8      
       wdt.obj                       112     0         8      
    +--+-----------------------------+-------+---------+---------+
       Total:                        1744    0         132    
                                                              
    .\src\system\
       fonts.obj                     0       11788     0      
       init.obj                      32      0         0      
       user.obj                      24      0         0      
    +--+-----------------------------+-------+---------+---------+
       Total:                        56      11788     0      
                                                              
    .\src\user\
       display.obj                   76      0         8      
    +--+-----------------------------+-------+---------+---------+
       Total:                        76      0         8      
                                                              
    C:\ti\ccs930\ccs\tools\compiler\ti-cgt-arm_18.12.4.LTS\lib\rtsv7M4_T_le_v4SPD16_eabi.lib
       _printfi.c.obj                4851    0         0      
       defs.c.obj                    0       0         480    
       fd_add_t2.asm.obj             438     0         0      
       fd_div_t2.asm.obj             310     0         0      
       s_scalbn.c.obj                272     0         0      
       fd_cmp_t2.asm.obj             268     0         0      
       ctype.c.obj                   0       257       0      
       fd_mul_t2.asm.obj             252     0         0      
       memcpy_t2.asm.obj             156     0         0      
       ull_div_t2.asm.obj            150     0         0      
       memset_t2.asm.obj             122     0         0      
       printf.c.obj                  112     0         0      
       copy_decompress_lzss.c.obj    104     0         0      
       s_frexp.c.obj                 100     0         0      
       ltoa.c.obj                    84      0         0      
       atoi.c.obj                    76      0         0      
       fd_toi_t2.asm.obj             72      0         0      
       autoinit.c.obj                68      0         0      
       boot_cortex_m.c.obj           52      0         0      
       i_tofd_t2.asm.obj             46      0         0      
       copy_zero_init.c.obj          28      0         0      
       memccpy.c.obj                 28      0         0      
       s_copysign.c.obj              26      0         0      
       strchr.c.obj                  22      0         0      
       strlen.c.obj                  20      0         0      
       _lock.c.obj                   2       0         16     
       wcslen.c.obj                  18      0         0      
       errno.c.obj                   8       0         8      
       copy_decompress_none.c.obj    14      0         0      
       exit.c.obj                    4       0         0      
       pre_init.c.obj                4       0         0      
       div0.asm.obj                  2       0         0      
    +--+-----------------------------+-------+---------+---------+
       Total:                        7709    257       504    
                                                              
       Stack:                        0       0         1024   
       Linker Generated:             0       82        0      
    +--+-----------------------------+-------+---------+---------+
       Grand Total:                  15271   12355     1676   


LINKER GENERATED COPY TABLES

__TI_cinit_table @ 00006bf0 records: 2, size/record: 8, table size: 16
	.data: load addr=00006ba8, load size=0000002e bytes, run addr=20000000, run size=00000136 bytes, compression=lzss
	.bss: load addr=00006be8, load size=00000008 bytes, run addr=20000138, run size=00000010 bytes, compression=zero_init


LINKER GENERATED HANDLER TABLE

__TI_handler_table @ 00006bd8 records: 3, size/record: 4, table size: 12
	index: 0, handler: __TI_decompress_lzss
	index: 1, handler: __TI_decompress_none
	index: 2, handler: __TI_zero_init


GLOBAL SYMBOLS: SORTED ALPHABETICALLY BY Name 

address   name                          
-------   ----                          
000033f9  ADC14_IRQHandler              
000033f9  ADC14_IRQHandler              
000033b9  ADC14init                     
20000120  ADCvalue                      
00003c7f  AES256_IRQHandler             
00003c7f  BusFault_Handler              
00003c95  C$$EXIT                       
00003c7f  COMP_E0_IRQHandler            
00003c7f  COMP_E1_IRQHandler            
00002975  CSInit                        
00003c7f  CS_IRQHandler                 
00003c7f  DMA_ERR_IRQHandler            
00003c7f  DMA_INT0_IRQHandler           
00003c7f  DMA_INT1_IRQHandler           
00003c7f  DMA_INT2_IRQHandler           
00003c7f  DMA_INT3_IRQHandler           
00003c7f  DebugMon_Handler              
00003c7f  Default_Handler               
0000342d  EUSCIA0_IRQHandler            
0000342d  EUSCIA0_IRQHandler            
00003c7f  EUSCIA1_IRQHandler            
00003c7f  EUSCIA2_IRQHandler            
00003c7f  EUSCIA3_IRQHandler            
00003479  EUSCIB0_IRQHandler            
00003479  EUSCIB0_IRQHandler            
00003c7f  EUSCIB1_IRQHandler            
00003c7f  EUSCIB2_IRQHandler            
0000345d  EUSCIB3_IRQHandler            
0000345d  EUSCIB3_IRQHandler            
00003c7f  FLCTL_IRQHandler              
00003c7f  FPU_IRQHandler                
00003c7f  HardFault_Handler             
00003c7f  MemManage_Handler             
00003c7f  NMI_Handler                   
00003c7f  PCM_IRQHandler                
00003c7f  PORT1_IRQHandler              
00003c7f  PORT2_IRQHandler              
00003c7f  PORT3_IRQHandler              
00003c7f  PORT4_IRQHandler              
00003c7f  PORT5_IRQHandler              
00003c7f  PORT6_IRQHandler              
00003c7f  PSS_IRQHandler                
00003c7f  PendSV_Handler                
00003c7f  RTC_C_IRQHandler              
00003c73  Reset_Handler                 
00003c7f  SVC_Handler                   
00003c7f  SysTick_Handler               
2000012c  SystemCoreClock               
00001d6d  SystemCoreClockUpdate         
00001fe5  SystemInit                    
00003c7f  T32_INT1_IRQHandler           
00003c7f  T32_INT2_IRQHandler           
00003c7f  T32_INTC_IRQHandler           
00003c7f  TA0_0_IRQHandler              
00003c7f  TA0_N_IRQHandler              
00003c7f  TA1_0_IRQHandler              
00003c7f  TA1_N_IRQHandler              
00003c7f  TA2_0_IRQHandler              
00003c7f  TA2_N_IRQHandler              
00003c7f  TA3_0_IRQHandler              
00003c7f  TA3_N_IRQHandler              
00003c7f  UsageFault_Handler            
4000480c  WDTCTL_SYM                    
000034c7  WDT_A_IRQHandler              
000034c7  WDT_A_IRQHandler              
20010000  __STACK_END                   
00000200  __STACK_SIZE                  
00006bf0  __TI_CINIT_Base               
00006c00  __TI_CINIT_Limit              
00006bd8  __TI_Handler_Table_Base       
00006be4  __TI_Handler_Table_Limit      
00003a89  __TI_auto_init_nobinit_nopinit
0000357f  __TI_decompress_lzss          
00003c65  __TI_decompress_none          
ffffffff  __TI_pprof_out_hndl           
0000131d  __TI_printfi                  
ffffffff  __TI_prof_data_size           
ffffffff  __TI_prof_data_start          
00000000  __TI_static_base__            
00003bbf  __TI_zero_init_nomemset       
00003231  __aeabi_cdcmpeq               
00003231  __aeabi_cdcmple               
000032b7  __aeabi_cdrcmple              
00003a41  __aeabi_d2iz                  
000024eb  __aeabi_dadd                  
00002ab1  __aeabi_ddiv                  
00002f51  __aeabi_dmul                  
000024e1  __aeabi_dsub                  
00003c81  __aeabi_errno_addr            
00003b71  __aeabi_i2d                   
00002697  __aeabi_idiv0                 
00002697  __aeabi_ldiv0                 
0000333d  __aeabi_memclr                
0000333d  __aeabi_memclr4               
0000333d  __aeabi_memclr8               
000030ff  __aeabi_memcpy                
000030ff  __aeabi_memcpy4               
000030ff  __aeabi_memcpy8               
0000333f  __aeabi_memset                
0000333f  __aeabi_memset4               
0000333f  __aeabi_memset8               
0000319b  __aeabi_uldivmod              
ffffffff  __binit__                     
ffffffff  __c_args__                    
UNDEFED   __mpu_init                    
2000fe00  __stack                       
00003b0d  _c_int00_noargs               
00006a9c  _ctypes_                      
20000000  _ftable                       
20000110  _lock                         
00001d6b  _nop                          
UNDEFED   _system_post_cinit            
00003c91  _system_pre_init              
20000114  _unlock                       
00003c95  abort                         
00003915  atoi                          
ffffffff  binit                         
00006628  c_chFont1206                  
00006038  c_chFont1608                  
00005458  c_chFont1616                  
00003c98  c_chFont3216                  
00003bf7  copysign                      
00003bf7  copysignl                     
00003bb7  device_init                   
00003961  display                       
00003b9f  driver_init                   
20000128  errno                         
00002a2f  error                         
00006b9d  fonts_height                  
00006ba1  fonts_width                   
000027a5  fputc                         
000027c3  fputs                         
00003651  frexp                         
00003651  frexpl                        
00000000  interruptVectors              
00002e41  ldexp                         
00002e41  ldexpl                        
000037c3  ltoa                          
000039f9  main                          
00003bdb  memccpy                       
000030ff  memcpy                        
00003345  memset                        
000035e9  printf                        
00002e41  scalbn                        
00002e41  scalbnl                       
00000bb1  ssd1351_clear_gram            
00000aeb  ssd1351_clear_rect            
00001001  ssd1351_deactivate_scrolling  
00000c3d  ssd1351_display_char          
00000de1  ssd1351_display_num           
00000ed1  ssd1351_display_string        
000008bf  ssd1351_draw_64k_bitmap       
000006b5  ssd1351_draw_circle           
000004b3  ssd1351_draw_h_line           
000003a3  ssd1351_draw_line             
000007ad  ssd1351_draw_mono_bitmap      
0000032f  ssd1351_draw_point            
00000633  ssd1351_draw_rect             
00000575  ssd1351_draw_v_line           
00000a59  ssd1351_fill_gram             
0000098f  ssd1351_fill_rect             
00000f91  ssd1351_horizontal_scrolling  
00001181  ssd1351_init                  
00001015  ssd1351_show_checkerboard     
000010f1  ssd1351_show_rainbow          
00003c29  strchr                        
00003c3f  strlen                        
20000130  systik_flag                   
00002741  uart_a0_uart_receive_frame    
00002699  usci_a0_uart_init             
00003b41  usci_a0_uart_rx_isr_handle    
000026eb  usci_a0_uart_transmit_frame   
000039ad  usci_a0_uart_tx_isr_handle    
000036b5  usci_b0_i2c_rx_isr_handle     
00003715  usci_b0_i2c_tx_isr_handle     
00002c93  usci_b3_spi_init              
00002c43  usci_b3_spi_receive_frame     
00003819  usci_b3_spi_rx_isr_handle     
00002be9  usci_b3_spi_transmit_frame    
0000386d  usci_b3_spi_tx_isr_handle     
00003c11  user_init                     
00003c13  user_loop                     
00003c53  wcslen                        
000034a1  wdt_init                      


GLOBAL SYMBOLS: SORTED BY Symbol Address 

address   name                          
-------   ----                          
00000000  __TI_static_base__            
00000000  interruptVectors              
00000200  __STACK_SIZE                  
0000032f  ssd1351_draw_point            
000003a3  ssd1351_draw_line             
000004b3  ssd1351_draw_h_line           
00000575  ssd1351_draw_v_line           
00000633  ssd1351_draw_rect             
000006b5  ssd1351_draw_circle           
000007ad  ssd1351_draw_mono_bitmap      
000008bf  ssd1351_draw_64k_bitmap       
0000098f  ssd1351_fill_rect             
00000a59  ssd1351_fill_gram             
00000aeb  ssd1351_clear_rect            
00000bb1  ssd1351_clear_gram            
00000c3d  ssd1351_display_char          
00000de1  ssd1351_display_num           
00000ed1  ssd1351_display_string        
00000f91  ssd1351_horizontal_scrolling  
00001001  ssd1351_deactivate_scrolling  
00001015  ssd1351_show_checkerboard     
000010f1  ssd1351_show_rainbow          
00001181  ssd1351_init                  
0000131d  __TI_printfi                  
00001d6b  _nop                          
00001d6d  SystemCoreClockUpdate         
00001fe5  SystemInit                    
000024e1  __aeabi_dsub                  
000024eb  __aeabi_dadd                  
00002697  __aeabi_idiv0                 
00002697  __aeabi_ldiv0                 
00002699  usci_a0_uart_init             
000026eb  usci_a0_uart_transmit_frame   
00002741  uart_a0_uart_receive_frame    
000027a5  fputc                         
000027c3  fputs                         
00002975  CSInit                        
00002a2f  error                         
00002ab1  __aeabi_ddiv                  
00002be9  usci_b3_spi_transmit_frame    
00002c43  usci_b3_spi_receive_frame     
00002c93  usci_b3_spi_init              
00002e41  ldexp                         
00002e41  ldexpl                        
00002e41  scalbn                        
00002e41  scalbnl                       
00002f51  __aeabi_dmul                  
000030ff  __aeabi_memcpy                
000030ff  __aeabi_memcpy4               
000030ff  __aeabi_memcpy8               
000030ff  memcpy                        
0000319b  __aeabi_uldivmod              
00003231  __aeabi_cdcmpeq               
00003231  __aeabi_cdcmple               
000032b7  __aeabi_cdrcmple              
0000333d  __aeabi_memclr                
0000333d  __aeabi_memclr4               
0000333d  __aeabi_memclr8               
0000333f  __aeabi_memset                
0000333f  __aeabi_memset4               
0000333f  __aeabi_memset8               
00003345  memset                        
000033b9  ADC14init                     
000033f9  ADC14_IRQHandler              
000033f9  ADC14_IRQHandler              
0000342d  EUSCIA0_IRQHandler            
0000342d  EUSCIA0_IRQHandler            
0000345d  EUSCIB3_IRQHandler            
0000345d  EUSCIB3_IRQHandler            
00003479  EUSCIB0_IRQHandler            
00003479  EUSCIB0_IRQHandler            
000034a1  wdt_init                      
000034c7  WDT_A_IRQHandler              
000034c7  WDT_A_IRQHandler              
0000357f  __TI_decompress_lzss          
000035e9  printf                        
00003651  frexp                         
00003651  frexpl                        
000036b5  usci_b0_i2c_rx_isr_handle     
00003715  usci_b0_i2c_tx_isr_handle     
000037c3  ltoa                          
00003819  usci_b3_spi_rx_isr_handle     
0000386d  usci_b3_spi_tx_isr_handle     
00003915  atoi                          
00003961  display                       
000039ad  usci_a0_uart_tx_isr_handle    
000039f9  main                          
00003a41  __aeabi_d2iz                  
00003a89  __TI_auto_init_nobinit_nopinit
00003b0d  _c_int00_noargs               
00003b41  usci_a0_uart_rx_isr_handle    
00003b71  __aeabi_i2d                   
00003b9f  driver_init                   
00003bb7  device_init                   
00003bbf  __TI_zero_init_nomemset       
00003bdb  memccpy                       
00003bf7  copysign                      
00003bf7  copysignl                     
00003c11  user_init                     
00003c13  user_loop                     
00003c29  strchr                        
00003c3f  strlen                        
00003c53  wcslen                        
00003c65  __TI_decompress_none          
00003c73  Reset_Handler                 
00003c7f  AES256_IRQHandler             
00003c7f  BusFault_Handler              
00003c7f  COMP_E0_IRQHandler            
00003c7f  COMP_E1_IRQHandler            
00003c7f  CS_IRQHandler                 
00003c7f  DMA_ERR_IRQHandler            
00003c7f  DMA_INT0_IRQHandler           
00003c7f  DMA_INT1_IRQHandler           
00003c7f  DMA_INT2_IRQHandler           
00003c7f  DMA_INT3_IRQHandler           
00003c7f  DebugMon_Handler              
00003c7f  Default_Handler               
00003c7f  EUSCIA1_IRQHandler            
00003c7f  EUSCIA2_IRQHandler            
00003c7f  EUSCIA3_IRQHandler            
00003c7f  EUSCIB1_IRQHandler            
00003c7f  EUSCIB2_IRQHandler            
00003c7f  FLCTL_IRQHandler              
00003c7f  FPU_IRQHandler                
00003c7f  HardFault_Handler             
00003c7f  MemManage_Handler             
00003c7f  NMI_Handler                   
00003c7f  PCM_IRQHandler                
00003c7f  PORT1_IRQHandler              
00003c7f  PORT2_IRQHandler              
00003c7f  PORT3_IRQHandler              
00003c7f  PORT4_IRQHandler              
00003c7f  PORT5_IRQHandler              
00003c7f  PORT6_IRQHandler              
00003c7f  PSS_IRQHandler                
00003c7f  PendSV_Handler                
00003c7f  RTC_C_IRQHandler              
00003c7f  SVC_Handler                   
00003c7f  SysTick_Handler               
00003c7f  T32_INT1_IRQHandler           
00003c7f  T32_INT2_IRQHandler           
00003c7f  T32_INTC_IRQHandler           
00003c7f  TA0_0_IRQHandler              
00003c7f  TA0_N_IRQHandler              
00003c7f  TA1_0_IRQHandler              
00003c7f  TA1_N_IRQHandler              
00003c7f  TA2_0_IRQHandler              
00003c7f  TA2_N_IRQHandler              
00003c7f  TA3_0_IRQHandler              
00003c7f  TA3_N_IRQHandler              
00003c7f  UsageFault_Handler            
00003c81  __aeabi_errno_addr            
00003c91  _system_pre_init              
00003c95  C$$EXIT                       
00003c95  abort                         
00003c98  c_chFont3216                  
00005458  c_chFont1616                  
00006038  c_chFont1608                  
00006628  c_chFont1206                  
00006a9c  _ctypes_                      
00006b9d  fonts_height                  
00006ba1  fonts_width                   
00006bd8  __TI_Handler_Table_Base       
00006be4  __TI_Handler_Table_Limit      
00006bf0  __TI_CINIT_Base               
00006c00  __TI_CINIT_Limit              
20000000  _ftable                       
20000110  _lock                         
20000114  _unlock                       
20000120  ADCvalue                      
20000128  errno                         
2000012c  SystemCoreClock               
20000130  systik_flag                   
2000fe00  __stack                       
20010000  __STACK_END                   
4000480c  WDTCTL_SYM                    
ffffffff  __TI_pprof_out_hndl           
ffffffff  __TI_prof_data_size           
ffffffff  __TI_prof_data_start          
ffffffff  __binit__                     
ffffffff  __c_args__                    
ffffffff  binit                         
UNDEFED   __mpu_init                    
UNDEFED   _system_post_cinit            

[184 symbols]
