******************************************************************************
                  TI ARM Linker PC v18.12.4                    
******************************************************************************
>> Linked Wed Feb 12 23:58:25 2020

OUTPUT FILE NAME:   <msp432p401r_nosdk_red.out>
ENTRY POINT SYMBOL: "_c_int00_noargs"  address: 00004c59


MEMORY CONFIGURATION

         name            origin    length      used     unused   attr    fill
----------------------  --------  ---------  --------  --------  ----  --------
  MAIN                  00000000   00040000  00004d3c  0003b2c4  R  X
  INFO                  00200000   00004000  00000000  00004000  R  X
  SRAM_CODE             01000000   00010000  00000230  0000fdd0  RW X
  SRAM_DATA             20000000   00010000  00000230  0000fdd0  RW  


SEGMENT ALLOCATION MAP

run origin  load origin   length   init length attrs members
----------  ----------- ---------- ----------- ----- -------
00000000    00000000    00004d40   00004d40    r-x
  00000000    00000000    000000e4   000000e4    r-- .intvecs
  000000e4    000000e4    00002e0c   00002e0c    r-- .const
  00002ef0    00002ef0    00001e14   00001e14    r-x .text
  00004d08    00004d08    00000038   00000038    r-- .cinit
20000000    20000000    00000030   00000000    rw-
  20000000    20000000    00000018   00000000    rw- .bss
  20000018    20000018    00000018   00000000    rw- .data
2000fe00    2000fe00    00000200   00000000    rw-
  2000fe00    2000fe00    00000200   00000000    rw- .stack


SECTION ALLOCATION MAP

 output                                  attributes/
section   page    origin      length       input sections
--------  ----  ----------  ----------   ----------------
.intvecs   0    00000000    000000e4     
                  00000000    000000e4     startup_msp432p401r_ccs.obj (.intvecs:retain)

.const     0    000000e4    00002e0c     
                  000000e4    000017c0     fonts.obj (.const:c_chFont3216)
                  000018a4    00000be0     fonts.obj (.const:c_chFont1616)
                  00002484    000005f0     fonts.obj (.const:c_chFont1608)
                  00002a74    00000474     fonts.obj (.const:c_chFont1206)
                  00002ee8    00000004     fonts.obj (.const:.string:fonts_height)
                  00002eec    00000004     fonts.obj (.const:.string:fonts_width)

.text      0    00002ef0    00001e14     
                  00002ef0    00001238     ssd1351.obj (.text)
                  00004128    00000334     system_msp432p401r.obj (.text)
                  0000445c    0000013c     clock_system_init.obj (.text)
                  00004598    00000134     usci_b3_spi.obj (.text)
                  000046cc    000000e8     usci_a0_uart.obj (.text)
                  000047b4    0000009c     rtsv7M4_T_le_v4SPD16_eabi.lib : memcpy_t2.asm.obj (.text)
                  00004850    00000074     adc14.obj (.text)
                  000048c4    00000070     wdt.obj (.text)
                  00004934    00000068     rtsv7M4_T_le_v4SPD16_eabi.lib : copy_decompress_lzss.c.obj (.text:decompress:lzss:__TI_decompress_lzss)
                  0000499c    00000068     vector.obj (.text)
                  00004a04    00000060     main.obj (.text)
                  00004a64    00000060     usci_b0_i2c.obj (.text:usci_b0_i2c_rx_isr_handle)
                  00004ac4    00000058     usci_b0_i2c.obj (.text:usci_b0_i2c_tx_isr_handle)
                  00004b1c    00000054     usci_b3_spi.obj (.text:usci_b3_spi_rx_isr_handle)
                  00004b70    00000054     usci_b3_spi.obj (.text:usci_b3_spi_tx_isr_handle)
                  00004bc4    00000050     display.obj (.text)
                  00004c14    00000044     rtsv7M4_T_le_v4SPD16_eabi.lib : autoinit.c.obj (.text:__TI_auto_init_nobinit_nopinit:__TI_auto_init_nobinit_nopinit)
                  00004c58    00000034                                   : boot_cortex_m.c.obj (.text:_c_int00_noargs:_c_int00_noargs)
                  00004c8c    00000020     init.obj (.text)
                  00004cac    0000001c     rtsv7M4_T_le_v4SPD16_eabi.lib : copy_zero_init.c.obj (.text:decompress:ZI:__TI_zero_init_nomemset:__TI_zero_init_nomemset)
                  00004cc8    00000018     user.obj (.text)
                  00004ce0    0000000e     rtsv7M4_T_le_v4SPD16_eabi.lib : copy_decompress_none.c.obj (.text:decompress:none:__TI_decompress_none)
                  00004cee    0000000e     startup_msp432p401r_ccs.obj (.text)
                  00004cfc    00000004     rtsv7M4_T_le_v4SPD16_eabi.lib : pre_init.c.obj (.text:_system_pre_init)
                  00004d00    00000004                                   : exit.c.obj (.text:abort:abort)

.cinit     0    00004d08    00000038     
                  00004d08    00000011     (.cinit..data.load) [load image, compression = lzss]
                  00004d19    00000003     --HOLE-- [fill = 0]
                  00004d1c    0000000c     (__TI_handler_table)
                  00004d28    00000008     (.cinit..bss.load) [load image, compression = zero_init]
                  00004d30    00000010     (__TI_cinit_table)

.init_array 
*          0    00000000    00000000     UNINITIALIZED

.binit     0    00000000    00000000     

.bss       0    20000000    00000018     UNINITIALIZED
                  20000000    00000008     usci_a0_uart.obj (.bss)
                  20000008    00000008     usci_b0_i2c.obj (.bss)
                  20000010    00000008     usci_b3_spi.obj (.bss)

.data      0    20000018    00000018     UNINITIALIZED
                  20000018    00000004     adc14.obj (.data)
                  2000001c    00000004     display.obj (.data)
                  20000020    00000004     system_msp432p401r.obj (.data)
                  20000024    00000004     wdt.obj (.data)
                  20000028    00000002     usci_a0_uart.obj (.data)
                  2000002a    00000002     usci_b0_i2c.obj (.data)
                  2000002c    00000002     usci_b3_spi.obj (.data)
                  2000002e    00000002     vector.obj (.data)

.stack     0    2000fe00    00000200     UNINITIALIZED
                  2000fe00    00000004     rtsv7M4_T_le_v4SPD16_eabi.lib : boot_cortex_m.c.obj (.stack)
                  2000fe04    000001fc     --HOLE--

MODULE SUMMARY

       Module                        code   ro data   rw data
       ------                        ----   -------   -------
    .\
       system_msp432p401r.obj        820    0         8      
       startup_msp432p401r_ccs.obj   14     228       0      
       vector.obj                    104    0         4      
       main.obj                      96     0         0      
    +--+-----------------------------+------+---------+---------+
       Total:                        1034   228       12     
                                                             
    .\src\devicelib\
       ssd1351.obj                   4664   0         0      
    +--+-----------------------------+------+---------+---------+
       Total:                        4664   0         0      
                                                             
    .\src\driverlib\
       usci_b3_spi.obj               476    0         20     
       clock_system_init.obj         316    0         0      
       usci_a0_uart.obj              232    0         20     
       usci_b0_i2c.obj               184    0         20     
       adc14.obj                     116    0         8      
       wdt.obj                       112    0         8      
    +--+-----------------------------+------+---------+---------+
       Total:                        1436   0         76     
                                                             
    .\src\system\
       fonts.obj                     0      11788     0      
       init.obj                      32     0         0      
       user.obj                      24     0         0      
    +--+-----------------------------+------+---------+---------+
       Total:                        56     11788     0      
                                                             
    .\src\user\
       display.obj                   80     0         8      
    +--+-----------------------------+------+---------+---------+
       Total:                        80     0         8      
                                                             
    C:\ti\ccs930\ccs\tools\compiler\ti-cgt-arm_18.12.4.LTS\lib\rtsv7M4_T_le_v4SPD16_eabi.lib
       memcpy_t2.asm.obj             156    0         0      
       copy_decompress_lzss.c.obj    104    0         0      
       autoinit.c.obj                68     0         0      
       boot_cortex_m.c.obj           52     0         0      
       copy_zero_init.c.obj          28     0         0      
       copy_decompress_none.c.obj    14     0         0      
       exit.c.obj                    4      0         0      
       pre_init.c.obj                4      0         0      
    +--+-----------------------------+------+---------+---------+
       Total:                        430    0         0      
                                                             
       Stack:                        0      0         1024   
       Linker Generated:             0      53        0      
    +--+-----------------------------+------+---------+---------+
       Grand Total:                  7700   12069     1120   


LINKER GENERATED COPY TABLES

__TI_cinit_table @ 00004d30 records: 2, size/record: 8, table size: 16
	.data: load addr=00004d08, load size=00000011 bytes, run addr=20000018, run size=00000018 bytes, compression=lzss
	.bss: load addr=00004d28, load size=00000008 bytes, run addr=20000000, run size=00000018 bytes, compression=zero_init


LINKER GENERATED HANDLER TABLE

__TI_handler_table @ 00004d1c records: 3, size/record: 4, table size: 12
	index: 0, handler: __TI_decompress_lzss
	index: 1, handler: __TI_decompress_none
	index: 2, handler: __TI_zero_init


GLOBAL SYMBOLS: SORTED ALPHABETICALLY BY Name 

address   name                          
-------   ----                          
00004891  ADC14_IRQHandler              
00004891  ADC14_IRQHandler              
00004851  ADC14init                     
20000018  ADCvalue                      
00004cfb  AES256_IRQHandler             
00004cfb  BusFault_Handler              
00004d01  C$$EXIT                       
00004cfb  COMP_E0_IRQHandler            
00004cfb  COMP_E1_IRQHandler            
0000445d  CSInit                        
00004cfb  CS_IRQHandler                 
00004cfb  DMA_ERR_IRQHandler            
00004cfb  DMA_INT0_IRQHandler           
00004cfb  DMA_INT1_IRQHandler           
00004cfb  DMA_INT2_IRQHandler           
00004cfb  DMA_INT3_IRQHandler           
00004cfb  DebugMon_Handler              
00004cfb  Default_Handler               
0000499d  EUSCIA0_IRQHandler            
0000499d  EUSCIA0_IRQHandler            
00004cfb  EUSCIA1_IRQHandler            
00004cfb  EUSCIA2_IRQHandler            
00004cfb  EUSCIA3_IRQHandler            
000049d5  EUSCIB0_IRQHandler            
000049d5  EUSCIB0_IRQHandler            
00004cfb  EUSCIB1_IRQHandler            
00004cfb  EUSCIB2_IRQHandler            
000049b9  EUSCIB3_IRQHandler            
000049b9  EUSCIB3_IRQHandler            
00004cfb  FLCTL_IRQHandler              
00004cfb  FPU_IRQHandler                
00004cfb  HardFault_Handler             
00004cfb  MemManage_Handler             
00004cfb  NMI_Handler                   
00004cfb  PCM_IRQHandler                
00004cfb  PORT1_IRQHandler              
00004cfb  PORT2_IRQHandler              
00004cfb  PORT3_IRQHandler              
00004cfb  PORT4_IRQHandler              
00004cfb  PORT5_IRQHandler              
00004cfb  PORT6_IRQHandler              
00004cfb  PSS_IRQHandler                
00004cfb  PendSV_Handler                
00004cfb  RTC_C_IRQHandler              
2000002e  RXData                        
00004cef  Reset_Handler                 
00004cfb  SVC_Handler                   
00004cfb  SysTick_Handler               
20000020  SystemCoreClock               
00004129  SystemCoreClockUpdate         
000043a1  SystemInit                    
00004cfb  T32_INT1_IRQHandler           
00004cfb  T32_INT2_IRQHandler           
00004cfb  T32_INTC_IRQHandler           
00004cfb  TA0_0_IRQHandler              
00004cfb  TA0_N_IRQHandler              
00004cfb  TA1_0_IRQHandler              
00004cfb  TA1_N_IRQHandler              
00004cfb  TA2_0_IRQHandler              
00004cfb  TA2_N_IRQHandler              
00004cfb  TA3_0_IRQHandler              
00004cfb  TA3_N_IRQHandler              
2000002f  TXData                        
00004cfb  UsageFault_Handler            
4000480c  WDTCTL_SYM                    
000048eb  WDT_A_IRQHandler              
000048eb  WDT_A_IRQHandler              
20010000  __STACK_END                   
00000200  __STACK_SIZE                  
00004d30  __TI_CINIT_Base               
00004d40  __TI_CINIT_Limit              
00004d1c  __TI_Handler_Table_Base       
00004d28  __TI_Handler_Table_Limit      
00004c15  __TI_auto_init_nobinit_nopinit
00004935  __TI_decompress_lzss          
00004ce1  __TI_decompress_none          
ffffffff  __TI_pprof_out_hndl           
ffffffff  __TI_prof_data_size           
ffffffff  __TI_prof_data_start          
00000000  __TI_static_base__            
00004cad  __TI_zero_init_nomemset       
000047b5  __aeabi_memcpy                
000047b5  __aeabi_memcpy4               
000047b5  __aeabi_memcpy8               
ffffffff  __binit__                     
ffffffff  __c_args__                    
UNDEFED   __mpu_init                    
2000fe00  __stack                       
00004c59  _c_int00_noargs               
UNDEFED   _system_post_cinit            
00004cfd  _system_pre_init              
00004d01  abort                         
ffffffff  binit                         
00002a74  c_chFont1206                  
00002484  c_chFont1608                  
000018a4  c_chFont1616                  
000000e4  c_chFont3216                  
00004ca5  device_init                   
00004bc5  display                       
00004c8d  driver_init                   
00004517  error                         
00002ee8  fonts_height                  
00002eec  fonts_width                   
00000000  interruptVectors              
00004a05  main                          
000047b5  memcpy                        
000039bd  ssd1351_clear_gram            
000038f7  ssd1351_clear_rect            
00003e0d  ssd1351_deactivate_scrolling  
00003a49  ssd1351_display_char          
00003bed  ssd1351_display_num           
00003cdd  ssd1351_display_string        
000036cb  ssd1351_draw_64k_bitmap       
000034c1  ssd1351_draw_circle           
000032bf  ssd1351_draw_h_line           
000031af  ssd1351_draw_line             
000035b9  ssd1351_draw_mono_bitmap      
0000313b  ssd1351_draw_point            
0000343f  ssd1351_draw_rect             
00003381  ssd1351_draw_v_line           
00003865  ssd1351_fill_gram             
0000379b  ssd1351_fill_rect             
00003d9d  ssd1351_horizontal_scrolling  
00003f8d  ssd1351_init                  
00003e21  ssd1351_show_checkerboard     
00003efd  ssd1351_show_rainbow          
20000024  systik_flag                   
000046cd  usci_a0_uart_init             
00004759  usci_a0_uart_receive_frame    
0000471f  usci_a0_uart_transmit_frame   
00004a65  usci_b0_i2c_rx_isr_handle     
00004ac5  usci_b0_i2c_tx_isr_handle     
00004643  usci_b3_spi_init              
000045f3  usci_b3_spi_receive_frame     
00004b1d  usci_b3_spi_rx_isr_handle     
00004599  usci_b3_spi_transmit_frame    
00004b71  usci_b3_spi_tx_isr_handle     
00004cc9  user_init                     
00004ccb  user_loop                     
000048c5  wdt_init                      


GLOBAL SYMBOLS: SORTED BY Symbol Address 

address   name                          
-------   ----                          
00000000  __TI_static_base__            
00000000  interruptVectors              
000000e4  c_chFont3216                  
00000200  __STACK_SIZE                  
000018a4  c_chFont1616                  
00002484  c_chFont1608                  
00002a74  c_chFont1206                  
00002ee8  fonts_height                  
00002eec  fonts_width                   
0000313b  ssd1351_draw_point            
000031af  ssd1351_draw_line             
000032bf  ssd1351_draw_h_line           
00003381  ssd1351_draw_v_line           
0000343f  ssd1351_draw_rect             
000034c1  ssd1351_draw_circle           
000035b9  ssd1351_draw_mono_bitmap      
000036cb  ssd1351_draw_64k_bitmap       
0000379b  ssd1351_fill_rect             
00003865  ssd1351_fill_gram             
000038f7  ssd1351_clear_rect            
000039bd  ssd1351_clear_gram            
00003a49  ssd1351_display_char          
00003bed  ssd1351_display_num           
00003cdd  ssd1351_display_string        
00003d9d  ssd1351_horizontal_scrolling  
00003e0d  ssd1351_deactivate_scrolling  
00003e21  ssd1351_show_checkerboard     
00003efd  ssd1351_show_rainbow          
00003f8d  ssd1351_init                  
00004129  SystemCoreClockUpdate         
000043a1  SystemInit                    
0000445d  CSInit                        
00004517  error                         
00004599  usci_b3_spi_transmit_frame    
000045f3  usci_b3_spi_receive_frame     
00004643  usci_b3_spi_init              
000046cd  usci_a0_uart_init             
0000471f  usci_a0_uart_transmit_frame   
00004759  usci_a0_uart_receive_frame    
000047b5  __aeabi_memcpy                
000047b5  __aeabi_memcpy4               
000047b5  __aeabi_memcpy8               
000047b5  memcpy                        
00004851  ADC14init                     
00004891  ADC14_IRQHandler              
00004891  ADC14_IRQHandler              
000048c5  wdt_init                      
000048eb  WDT_A_IRQHandler              
000048eb  WDT_A_IRQHandler              
00004935  __TI_decompress_lzss          
0000499d  EUSCIA0_IRQHandler            
0000499d  EUSCIA0_IRQHandler            
000049b9  EUSCIB3_IRQHandler            
000049b9  EUSCIB3_IRQHandler            
000049d5  EUSCIB0_IRQHandler            
000049d5  EUSCIB0_IRQHandler            
00004a05  main                          
00004a65  usci_b0_i2c_rx_isr_handle     
00004ac5  usci_b0_i2c_tx_isr_handle     
00004b1d  usci_b3_spi_rx_isr_handle     
00004b71  usci_b3_spi_tx_isr_handle     
00004bc5  display                       
00004c15  __TI_auto_init_nobinit_nopinit
00004c59  _c_int00_noargs               
00004c8d  driver_init                   
00004ca5  device_init                   
00004cad  __TI_zero_init_nomemset       
00004cc9  user_init                     
00004ccb  user_loop                     
00004ce1  __TI_decompress_none          
00004cef  Reset_Handler                 
00004cfb  AES256_IRQHandler             
00004cfb  BusFault_Handler              
00004cfb  COMP_E0_IRQHandler            
00004cfb  COMP_E1_IRQHandler            
00004cfb  CS_IRQHandler                 
00004cfb  DMA_ERR_IRQHandler            
00004cfb  DMA_INT0_IRQHandler           
00004cfb  DMA_INT1_IRQHandler           
00004cfb  DMA_INT2_IRQHandler           
00004cfb  DMA_INT3_IRQHandler           
00004cfb  DebugMon_Handler              
00004cfb  Default_Handler               
00004cfb  EUSCIA1_IRQHandler            
00004cfb  EUSCIA2_IRQHandler            
00004cfb  EUSCIA3_IRQHandler            
00004cfb  EUSCIB1_IRQHandler            
00004cfb  EUSCIB2_IRQHandler            
00004cfb  FLCTL_IRQHandler              
00004cfb  FPU_IRQHandler                
00004cfb  HardFault_Handler             
00004cfb  MemManage_Handler             
00004cfb  NMI_Handler                   
00004cfb  PCM_IRQHandler                
00004cfb  PORT1_IRQHandler              
00004cfb  PORT2_IRQHandler              
00004cfb  PORT3_IRQHandler              
00004cfb  PORT4_IRQHandler              
00004cfb  PORT5_IRQHandler              
00004cfb  PORT6_IRQHandler              
00004cfb  PSS_IRQHandler                
00004cfb  PendSV_Handler                
00004cfb  RTC_C_IRQHandler              
00004cfb  SVC_Handler                   
00004cfb  SysTick_Handler               
00004cfb  T32_INT1_IRQHandler           
00004cfb  T32_INT2_IRQHandler           
00004cfb  T32_INTC_IRQHandler           
00004cfb  TA0_0_IRQHandler              
00004cfb  TA0_N_IRQHandler              
00004cfb  TA1_0_IRQHandler              
00004cfb  TA1_N_IRQHandler              
00004cfb  TA2_0_IRQHandler              
00004cfb  TA2_N_IRQHandler              
00004cfb  TA3_0_IRQHandler              
00004cfb  TA3_N_IRQHandler              
00004cfb  UsageFault_Handler            
00004cfd  _system_pre_init              
00004d01  C$$EXIT                       
00004d01  abort                         
00004d1c  __TI_Handler_Table_Base       
00004d28  __TI_Handler_Table_Limit      
00004d30  __TI_CINIT_Base               
00004d40  __TI_CINIT_Limit              
20000018  ADCvalue                      
20000020  SystemCoreClock               
20000024  systik_flag                   
2000002e  RXData                        
2000002f  TXData                        
2000fe00  __stack                       
20010000  __STACK_END                   
4000480c  WDTCTL_SYM                    
ffffffff  __TI_pprof_out_hndl           
ffffffff  __TI_prof_data_size           
ffffffff  __TI_prof_data_start          
ffffffff  __binit__                     
ffffffff  __c_args__                    
ffffffff  binit                         
UNDEFED   __mpu_init                    
UNDEFED   _system_post_cinit            

[140 symbols]
